⚠ Warning: Next.js inferred your workspace root, but it may not be correct.
 We detected multiple lockfiles and selected the directory of /home/grim5225/package-lock.json as the root directory.
 To silence this warning, set `turbopack.root` in your Next.js config, or consider removing one of the lockfiles if it's not needed.
   See https://nextjs.org/docs/app/api-reference/config/next-config-js/turbopack#root-directory for more information.
 Detected additional lockfiles: 
   * /home/grim5225/Стільниця/Проект/pnpm-lock.yaml


thread 'tokio-runtime-worker' (45658) panicked at turbopack/crates/turbopack-core/src/ident.rs:354:34:
start byte index 17 is not a char boundary; it is inside 'я' (bytes 16..18) of `Стільниця_Проект__next-internal_server_app_order-confirmation_page_actions_0lghkh.`
note: run with `RUST_BACKTRACE=1` environment variable to display a backtrace

thread 'tokio-runtime-worker' (45443) panicked at turbopack/crates/turbopack-core/src/ident.rs:354:34:
start byte index 7 is not a char boundary; it is inside 'л' (bytes 6..8) of `Стільниця_Проект__next-internal_server_app_checkout_page_actions_051pzpz`

thread 'tokio-runtime-worker' (45443) panicked at turbopack/crates/turbopack-core/src/ident.rs:354:34:
start byte index 3 is not a char boundary; it is inside 'т' (bytes 2..4) of `Стільниця_Проект__next-internal_server_app_cart_page_actions_0obwrhm`

thread 'tokio-runtime-worker' (45443) panicked at turbopack/crates/turbopack-core/src/ident.rs:354:34:
start byte index 20 is not a char boundary; it is inside 'П' (bytes 19..21) of `Стільниця_Проект__next-internal_server_app_api_webhooks_payment_route_actions_00kky7x`

thread 'tokio-runtime-worker' (45443) panicked at turbopack/crates/turbopack-core/src/ident.rs:354:34:
start byte index 9 is not a char boundary; it is inside 'ь' (bytes 8..10) of `Стільниця_Проект__next-internal_server_app__not-found_page_actions_0yvffo3`

-----
[1m[31mFATAL[39m[0m: An unexpected Turbopack error occurred. A panic log has been written to /tmp/next-panic-37734a07ee512b994a21a395e2c31d1a.log.

To help make Turbopack better, report this error by ]8;;https://bugs.nextjs.org/search?category=turbopack-error-report&title=Turbopack%20Error%3A%20start%20byte%20index%209%20is%20not%20a%20char%20boundary%3B%20it%20is%20inside%20%27%D1%8C%27%20%28bytes%208..10%29%20of%20%60%D0%A1%D1%82%D1%96%D0%BB%D1%8C%D0%BD%D0%B8%D1%86%D1%8F_%D0%9F%D1%80%D0%BE%D0%B5%D0%BA%D1%82__next-internal_server_app__not-found_page_actions_0yvffo3%60&body=Turbopack%20version%3A%20%600ca967b8%60%0ANext.js%20version%3A%20%600.0.0%60%0A%0AError%20message%3A%0A%60%60%60%0Astart%20byte%20index%209%20is%20not%20a%20char%20boundary%3B%20it%20is%20inside%20%27%D1%8C%27%20%28bytes%208..10%29%20of%20%60%D0%A1%D1%82%D1%96%D0%BB%D1%8C%D0%BD%D0%B8%D1%86%D1%8F_%D0%9F%D1%80%D0%BE%D0%B5%D0%BA%D1%82__next-internal_server_app__not-found_page_actions_0yvffo3%60%0A%0ADebug%20info%3A%0A-%20Execution%20of%20emit_all_output_assets_once_with_issues_operation%20failed%0A-%20Execution%20of%20EntrypointsOperation%3A%3Anew%20failed%0A-%20Execution%20of%20emit_all_output_assets_once_operation%20failed%0A-%20Execution%20of%20Project%3A%3Aemit_all_output_assets%20failed%0A-%20Execution%20of%20emit_assets%20failed%0A-%20Execution%20of%20emit%20failed%0A-%20Execution%20of%20%3CSourceMapAsset%20as%20Asset%3E%3A%3Acontent%20failed%0A-%20Execution%20of%20%3CEcmascriptBuildNodeEntryChunk%20as%20GenerateSourceMap%3E%3A%3Agenerate_source_map%20failed%0A-%20Execution%20of%20%2A%3CCode%20as%20GenerateSourceMap%3E%3A%3Agenerate_source_map%20failed%0A-%20Execution%20of%20EcmascriptBuildNodeEntryChunk%3A%3Acode%20failed%0A-%20Execution%20of%20%3CNodeJsChunkingContext%20as%20ChunkingContext%3E%3A%3Achunk_path%20failed%0A-%20Execution%20of%20AssetIdent%3A%3Aoutput_name%20failed%0A-%20start%20byte%20index%209%20is%20not%20a%20char%20boundary%3B%20it%20is%20inside%20%27%D1%8C%27%20%28bytes%208..10%29%20of%20%60%D0%A1%D1%82%D1%96%D0%BB%D1%8C%D0%BD%D0%B8%D1%86%D1%8F_%D0%9F%D1%80%D0%BE%D0%B5%D0%BA%D1%82__next-internal_server_app__not-found_page_actions_0yvffo3%60%0A%60%60%60&labels=Turbopack,Turbopack%20Panic%20Backtrace\clicking here.]8;;\
-----


> Build error occurred
Error [TurbopackInternalError]: start byte index 9 is not a char boundary; it is inside 'ь' (bytes 8..10) of `Стільниця_Проект__next-internal_server_app__not-found_page_actions_0yvffo3`

Debug info:
- Execution of emit_all_output_assets_once_with_issues_operation failed
- Execution of EntrypointsOperation::new failed
- Execution of emit_all_output_assets_once_operation failed
- Execution of Project::emit_all_output_assets failed
- Execution of emit_assets failed
- Execution of emit failed
- Execution of <SourceMapAsset as Asset>::content failed
- Execution of <EcmascriptBuildNodeEntryChunk as GenerateSourceMap>::generate_source_map failed
- Execution of *<Code as GenerateSourceMap>::generate_source_map failed
- Execution of EcmascriptBuildNodeEntryChunk::code failed
- Execution of <NodeJsChunkingContext as ChunkingContext>::chunk_path failed
- Execution of AssetIdent::output_name failed
- start byte index 9 is not a char boundary; it is inside 'ь' (bytes 8..10) of `Стільниця_Проект__next-internal_server_app__not-found_page_actions_0yvffo3`
    at <unknown> (TurbopackInternalError: start byte index 9 is not a char boundary; it is inside 'ь' (bytes 8..10) of `Стільниця_Проект__next-internal_server_app__not-found_page_actions_0yvffo3`) {
  type: 'TurbopackInternalError',
  location: 'turbopack/crates/turbopack-core/src/ident.rs:354:34'
}
